// Jest Snapshot v1, https://goo.gl/fbAQLP

exports[`render courses render correctly 1`] = `
<div
  class="MuiBox-root css-19kzrtu"
>
  <div
    class="MuiBox-root css-0"
  >
    <div
      class="MuiBox-root css-0"
    >
      <div
        class="MuiGrid-root MuiGrid-container flex justify-between css-11lq3yg-MuiGrid-root"
      >
        <div
          class="MuiGrid-root MuiGrid-item css-13i4rnv-MuiGrid-root"
        >
          <form
            class="MuiPaper-root MuiPaper-elevation MuiPaper-rounded MuiPaper-elevation1 flex items-center w-96 py-0.5 px-1 css-1ps6pg7-MuiPaper-root"
          >
            <div
              class="MuiInputBase-root MuiInputBase-colorPrimary w-full ml-2 flex css-1le28he-MuiInputBase-root"
            >
              <input
                class="MuiInputBase-input css-yz9k0d-MuiInputBase-input"
                placeholder="Enter course name..."
                type="text"
                value=""
              />
            </div>
            <button
              aria-label="search"
              class="MuiButtonBase-root MuiIconButton-root MuiIconButton-sizeMedium p-2.5 css-78trlr-MuiButtonBase-root-MuiIconButton-root"
              tabindex="0"
              type="button"
            >
              <svg
                aria-hidden="true"
                class="MuiSvgIcon-root MuiSvgIcon-fontSizeMedium css-i4bv87-MuiSvgIcon-root"
                data-testid="SearchIcon"
                focusable="false"
                viewBox="0 0 24 24"
              >
                <path
                  d="M15.5 14h-.79l-.28-.27C15.41 12.59 16 11.11 16 9.5 16 5.91 13.09 3 9.5 3S3 5.91 3 9.5 5.91 16 9.5 16c1.61 0 3.09-.59 4.23-1.57l.27.28v.79l5 4.99L20.49 19l-4.99-5zm-6 0C7.01 14 5 11.99 5 9.5S7.01 5 9.5 5 14 7.01 14 9.5 11.99 14 9.5 14z"
                />
              </svg>
              <span
                class="MuiTouchRipple-root css-8je8zh-MuiTouchRipple-root"
              />
            </button>
          </form>
        </div>
        <div
          class="MuiGrid-root MuiGrid-item css-13i4rnv-MuiGrid-root"
        >
          <a
            href="/add"
          >
            <button
              class="MuiButtonBase-root MuiButton-root MuiButton-outlined MuiButton-outlinedSecondary MuiButton-sizeMedium MuiButton-outlinedSizeMedium MuiButton-root MuiButton-outlined MuiButton-outlinedSecondary MuiButton-sizeMedium MuiButton-outlinedSizeMedium css-wnpvqa-MuiButtonBase-root-MuiButton-root"
              tabindex="0"
              type="button"
            >
              Add new course
              <span
                class="MuiTouchRipple-root css-8je8zh-MuiTouchRipple-root"
              />
            </button>
          </a>
        </div>
      </div>
    </div>
    <div
      class="MuiBox-root css-0"
    >
      <div
        class="MuiPaper-root MuiPaper-elevation MuiPaper-rounded MuiPaper-elevation2 my-1 p-1 css-1mbunh-MuiPaper-root"
      >
        <div
          class="MuiGrid-root MuiGrid-container MuiGrid-spacing-xs-2 p-5 css-mhc70k-MuiGrid-root"
        >
          <div
            class="MuiGrid-root MuiGrid-item MuiGrid-grid-md-7 css-3vt552-MuiGrid-root"
          >
            <h1
              class="text-4xl font-black"
            >
              testTitle
            </h1>
            <div
              class="w-11/12 indent-2"
            >
              testDescrip
            </div>
          </div>
          <div
            class="MuiGrid-root MuiGrid-item MuiGrid-grid-md-5 flex-col justify-center css-yw6hac-MuiGrid-root"
          >
            <div
              class="w-80 truncate"
              id="author"
            >
              <b>
                Authors:  
              </b>
              testAuthorName_1,testAuthorName_2 
            </div>
            <div
              id="durations"
            >
              <b>
                Duration:  
              </b>
              00:12 hours
            </div>
            <div
              id="created"
            >
              <b>
                Created:  
              </b>
              10.09.2022
            </div>
            <div
              id="showCourseBtn"
            >
              <div
                class="MuiBox-root css-0"
              >
                <div
                  class="MuiGrid-root MuiGrid-container mt-5 justify-items-center items-center css-11lq3yg-MuiGrid-root"
                >
                  <div
                    class="MuiGrid-root MuiGrid-item css-13i4rnv-MuiGrid-root"
                  >
                    <a
                      href="/testID"
                    >
                      <button
                        class="MuiButtonBase-root MuiButton-root MuiButton-outlined MuiButton-outlinedSecondary MuiButton-sizeMedium MuiButton-outlinedSizeMedium MuiButton-root MuiButton-outlined MuiButton-outlinedSecondary MuiButton-sizeMedium MuiButton-outlinedSizeMedium css-wnpvqa-MuiButtonBase-root-MuiButton-root"
                        tabindex="0"
                        type="button"
                      >
                        Show Courses
                        <span
                          class="MuiTouchRipple-root css-8je8zh-MuiTouchRipple-root"
                        />
                      </button>
                    </a>
                  </div>
                </div>
              </div>
            </div>
          </div>
        </div>
      </div>
    </div>
  </div>
</div>
`;
